// Jest Snapshot v1, https://goo.gl/fbAQLP

exports[`should Box render 1`] = `
<div
  className="flex items-center justify-center rounded border text-base "
>
  <div>
    box content!
  </div>
</div>
`;
